// nominal.template
hb-interpolate
git+https://github.com/jimlloyd/hb-interpolate.git
Jim Lloyd <mailto:Jim Lloyd>
